<?xml version="1.0" encoding="UTF-8"?>
<testsuites>
  <testsuite name="" tests="29" assertions="109" errors="1" warnings="0" failures="13" skipped="0" time="34.305824">
    <testsuite name="Browser Test Suite" tests="29" assertions="109" errors="1" warnings="0" failures="13" skipped="0" time="34.305824">
      <testsuite name="Tests\Browser\AppFunctionalityTest" file="/projects/challenge/tests/Browser/AppFunctionalityTest.php" tests="13" assertions="18" errors="1" warnings="0" failures="7" skipped="0" time="19.899299">
        <testcase name="testCanAccessIndex" class="Tests\Browser\AppFunctionalityTest" classname="Tests.Browser.AppFunctionalityTest" file="/projects/challenge/tests/Browser/AppFunctionalityTest.php" line="59" assertions="1" time="1.332176"/>
        <testcase name="testLoginEmailValidation" class="Tests\Browser\AppFunctionalityTest" classname="Tests.Browser.AppFunctionalityTest" file="/projects/challenge/tests/Browser/AppFunctionalityTest.php" line="73" assertions="1" time="1.482073">
          <failure type="PHPUnit\Framework\ExpectationFailedException">Tests\Browser\AppFunctionalityTest::testLoginEmailValidation
Did not see expected text [Please provide a valid e-mail address] within element [body].
Failed asserting that false is true.

/projects/challenge/vendor/laravel/dusk/src/Concerns/MakesAssertions.php:181
/projects/challenge/vendor/laravel/dusk/src/Concerns/MakesAssertions.php:152
/projects/challenge/tests/Browser/AppFunctionalityTest.php:78
/projects/challenge/vendor/laravel/dusk/src/Concerns/ProvidesBrowser.php:69
/projects/challenge/tests/Browser/AppFunctionalityTest.php:81</failure>
        </testcase>
        <testcase name="testRegisterEmailValidation" class="Tests\Browser\AppFunctionalityTest" classname="Tests.Browser.AppFunctionalityTest" file="/projects/challenge/tests/Browser/AppFunctionalityTest.php" line="90" assertions="1" time="0.919954">
          <failure type="PHPUnit\Framework\ExpectationFailedException">Tests\Browser\AppFunctionalityTest::testRegisterEmailValidation
Did not see expected text [Please provide a valid e-mail address] within element [body].
Failed asserting that false is true.

/projects/challenge/vendor/laravel/dusk/src/Concerns/MakesAssertions.php:181
/projects/challenge/vendor/laravel/dusk/src/Concerns/MakesAssertions.php:152
/projects/challenge/tests/Browser/AppFunctionalityTest.php:95
/projects/challenge/vendor/laravel/dusk/src/Concerns/ProvidesBrowser.php:69
/projects/challenge/tests/Browser/AppFunctionalityTest.php:98</failure>
        </testcase>
        <testcase name="testRegisterPasswordValidation" class="Tests\Browser\AppFunctionalityTest" classname="Tests.Browser.AppFunctionalityTest" file="/projects/challenge/tests/Browser/AppFunctionalityTest.php" line="107" assertions="1" time="0.931838">
          <failure type="PHPUnit\Framework\ExpectationFailedException">Tests\Browser\AppFunctionalityTest::testRegisterPasswordValidation
Did not see expected text [This field value must be the same as "Password"] within element [body].
Failed asserting that false is true.

/projects/challenge/vendor/laravel/dusk/src/Concerns/MakesAssertions.php:181
/projects/challenge/vendor/laravel/dusk/src/Concerns/MakesAssertions.php:152
/projects/challenge/tests/Browser/AppFunctionalityTest.php:112
/projects/challenge/vendor/laravel/dusk/src/Concerns/ProvidesBrowser.php:69
/projects/challenge/tests/Browser/AppFunctionalityTest.php:115</failure>
        </testcase>
        <testcase name="testLoginErrorMessage" class="Tests\Browser\AppFunctionalityTest" classname="Tests.Browser.AppFunctionalityTest" file="/projects/challenge/tests/Browser/AppFunctionalityTest.php" line="124" assertions="2" time="1.548992">
          <failure type="PHPUnit\Framework\ExpectationFailedException">Tests\Browser\AppFunctionalityTest::testLoginErrorMessage
Did not see expected text [Password or e-mail is incorrect!] within element [body].
Failed asserting that false is true.

/projects/challenge/vendor/laravel/dusk/src/Concerns/MakesAssertions.php:181
/projects/challenge/vendor/laravel/dusk/src/Concerns/MakesAssertions.php:152
/projects/challenge/tests/Browser/AppFunctionalityTest.php:132
/projects/challenge/vendor/laravel/dusk/src/Concerns/ProvidesBrowser.php:69
/projects/challenge/tests/Browser/AppFunctionalityTest.php:133</failure>
        </testcase>
        <testcase name="testRegisterSuccessMessage" class="Tests\Browser\AppFunctionalityTest" classname="Tests.Browser.AppFunctionalityTest" file="/projects/challenge/tests/Browser/AppFunctionalityTest.php" line="142" assertions="1" time="1.695098">
          <failure type="PHPUnit\Framework\ExpectationFailedException">Tests\Browser\AppFunctionalityTest::testRegisterSuccessMessage
Did not see expected text [User registered successfully!] within element [body].
Failed asserting that false is true.

/projects/challenge/vendor/laravel/dusk/src/Concerns/MakesAssertions.php:181
/projects/challenge/vendor/laravel/dusk/src/Concerns/MakesAssertions.php:152
/projects/challenge/tests/Browser/AppFunctionalityTest.php:153
/projects/challenge/vendor/laravel/dusk/src/Concerns/ProvidesBrowser.php:69
/projects/challenge/tests/Browser/AppFunctionalityTest.php:154</failure>
        </testcase>
        <testcase name="testSuccessRouteGuard" class="Tests\Browser\AppFunctionalityTest" classname="Tests.Browser.AppFunctionalityTest" file="/projects/challenge/tests/Browser/AppFunctionalityTest.php" line="163" assertions="1" time="0.511082">
          <failure type="PHPUnit\Framework\ExpectationFailedException">Tests\Browser\AppFunctionalityTest::testSuccessRouteGuard
Actual path [/success] does not equal expected path [/].
Failed asserting that '/success' matches PCRE pattern "/^\/$/u".

/projects/challenge/vendor/laravel/dusk/src/Concerns/MakesUrlAssertions.php:185
/projects/challenge/vendor/laravel/dusk/src/Concerns/MakesUrlAssertions.php:218
/projects/challenge/tests/Browser/AppFunctionalityTest.php:167
/projects/challenge/vendor/laravel/dusk/src/Concerns/ProvidesBrowser.php:69
/projects/challenge/tests/Browser/AppFunctionalityTest.php:168</failure>
        </testcase>
        <testcase name="testDoesLoginFail" class="Tests\Browser\AppFunctionalityTest" classname="Tests.Browser.AppFunctionalityTest" file="/projects/challenge/tests/Browser/AppFunctionalityTest.php" line="177" assertions="2" time="1.079842"/>
        <testcase name="testDoesRegisterFail" class="Tests\Browser\AppFunctionalityTest" classname="Tests.Browser.AppFunctionalityTest" file="/projects/challenge/tests/Browser/AppFunctionalityTest.php" line="195" assertions="2" time="1.169916"/>
        <testcase name="testDoesRegisterSucceed" class="Tests\Browser\AppFunctionalityTest" classname="Tests.Browser.AppFunctionalityTest" file="/projects/challenge/tests/Browser/AppFunctionalityTest.php" line="216" assertions="1" time="1.563685">
          <failure type="PHPUnit\Framework\ExpectationFailedException">Tests\Browser\AppFunctionalityTest::testDoesRegisterSucceed
Actual path [/success] does not equal expected path [/].
Failed asserting that '/success' matches PCRE pattern "/^\/$/u".

/projects/challenge/vendor/laravel/dusk/src/Concerns/MakesUrlAssertions.php:185
/projects/challenge/vendor/laravel/dusk/src/Concerns/MakesUrlAssertions.php:218
/projects/challenge/tests/Browser/AppFunctionalityTest.php:227
/projects/challenge/vendor/laravel/dusk/src/Concerns/ProvidesBrowser.php:69
/projects/challenge/tests/Browser/AppFunctionalityTest.php:229</failure>
        </testcase>
        <testcase name="testDoesLoginSucceed" class="Tests\Browser\AppFunctionalityTest" classname="Tests.Browser.AppFunctionalityTest" file="/projects/challenge/tests/Browser/AppFunctionalityTest.php" line="238" assertions="2" time="1.050441"/>
        <testcase name="testSuccessPageContent" class="Tests\Browser\AppFunctionalityTest" classname="Tests.Browser.AppFunctionalityTest" file="/projects/challenge/tests/Browser/AppFunctionalityTest.php" line="257" assertions="1" time="5.903377">
          <error type="Facebook\WebDriver\Exception\TimeoutException">Tests\Browser\AppFunctionalityTest::testSuccessPageContent
Facebook\WebDriver\Exception\TimeoutException: Waited 5 seconds for text [Hello, Magebit Test] ignoring case.

/projects/challenge/vendor/laravel/dusk/src/Concerns/WaitsForElements.php:408
/projects/challenge/app/Providers/DuskServiceProvider.php:24
/projects/challenge/vendor/laravel/framework/src/Illuminate/Macroable/Traits/Macroable.php:124
/projects/challenge/vendor/laravel/dusk/src/Browser.php:710
/projects/challenge/tests/Browser/AppFunctionalityTest.php:267
/projects/challenge/vendor/laravel/dusk/src/Concerns/ProvidesBrowser.php:69
/projects/challenge/tests/Browser/AppFunctionalityTest.php:270</error>
        </testcase>
        <testcase name="testLogout" class="Tests\Browser\AppFunctionalityTest" classname="Tests.Browser.AppFunctionalityTest" file="/projects/challenge/tests/Browser/AppFunctionalityTest.php" line="279" assertions="2" time="0.710827"/>
      </testsuite>
      <testsuite name="Tests\Browser\AppStylingTest" file="/projects/challenge/tests/Browser/AppStylingTest.php" tests="16" assertions="91" errors="0" warnings="0" failures="6" skipped="0" time="14.406525">
        <testcase name="testIsCorrectFontFamily" class="Tests\Browser\AppStylingTest" classname="Tests.Browser.AppStylingTest" file="/projects/challenge/tests/Browser/AppStylingTest.php" line="109" assertions="1" time="0.942491">
          <failure type="PHPUnit\Framework\ExpectationFailedException">Tests\Browser\AppStylingTest::testIsCorrectFontFamily
Body has incorrect font family
Failed asserting that false is true.

/projects/challenge/tests/Browser/AppStylingTest.php:117
/projects/challenge/vendor/laravel/dusk/src/Concerns/ProvidesBrowser.php:69
/projects/challenge/tests/Browser/AppStylingTest.php:119</failure>
        </testcase>
        <testcase name="testIsButtonCorrectColor" class="Tests\Browser\AppStylingTest" classname="Tests.Browser.AppStylingTest" file="/projects/challenge/tests/Browser/AppStylingTest.php" line="126" assertions="6" time="0.703345"/>
        <testcase name="testIsHeaderIconsCorrectColor" class="Tests\Browser\AppStylingTest" classname="Tests.Browser.AppStylingTest" file="/projects/challenge/tests/Browser/AppStylingTest.php" line="146" assertions="1" time="0.614029">
          <failure type="PHPUnit\Framework\ExpectationFailedException">Tests\Browser\AppStylingTest::testIsHeaderIconsCorrectColor
Header icon has incorrect color.
Failed asserting that two strings are equal.
--- Expected
+++ Actual
@@ @@
-'rgba(2, 23, 14, 1)'
+'rgba(0, 0, 0, 1)'

/projects/challenge/tests/Browser/AppStylingTest.php:59
/projects/challenge/tests/Browser/AppStylingTest.php:84
/projects/challenge/tests/Browser/AppStylingTest.php:156
/projects/challenge/vendor/laravel/dusk/src/Concerns/ProvidesBrowser.php:69
/projects/challenge/tests/Browser/AppStylingTest.php:159</failure>
        </testcase>
        <testcase name="testIsHeaderLinksCorrectColor" class="Tests\Browser\AppStylingTest" classname="Tests.Browser.AppStylingTest" file="/projects/challenge/tests/Browser/AppStylingTest.php" line="166" assertions="1" time="0.642009">
          <failure type="PHPUnit\Framework\ExpectationFailedException">Tests\Browser\AppStylingTest::testIsHeaderLinksCorrectColor
Header link with text "WHAT'S NEW" has incorrect color.
Failed asserting that two strings are equal.
--- Expected
+++ Actual
@@ @@
-'rgba(2, 23, 14, 1)'
+'rgba(0, 0, 0, 1)'

/projects/challenge/tests/Browser/AppStylingTest.php:59
/projects/challenge/tests/Browser/AppStylingTest.php:84
/projects/challenge/tests/Browser/AppStylingTest.php:176
/projects/challenge/vendor/laravel/dusk/src/Concerns/ProvidesBrowser.php:69
/projects/challenge/tests/Browser/AppStylingTest.php:179</failure>
        </testcase>
        <testcase name="testIsHeaderLinksWithoutUnderline" class="Tests\Browser\AppStylingTest" classname="Tests.Browser.AppStylingTest" file="/projects/challenge/tests/Browser/AppStylingTest.php" line="186" assertions="18" time="1.730144"/>
        <testcase name="testIsHeaderLinksCorrectWeight" class="Tests\Browser\AppStylingTest" classname="Tests.Browser.AppStylingTest" file="/projects/challenge/tests/Browser/AppStylingTest.php" line="206" assertions="6" time="0.280152"/>
        <testcase name="testIsHeaderLinksUppercase" class="Tests\Browser\AppStylingTest" classname="Tests.Browser.AppStylingTest" file="/projects/challenge/tests/Browser/AppStylingTest.php" line="225" assertions="6" time="0.255671"/>
        <testcase name="testDoesHeaderBarHaveShadow" class="Tests\Browser\AppStylingTest" classname="Tests.Browser.AppStylingTest" file="/projects/challenge/tests/Browser/AppStylingTest.php" line="242" assertions="1" time="0.644238">
          <failure type="PHPUnit\Framework\ExpectationFailedException">Tests\Browser\AppStylingTest::testDoesHeaderBarHaveShadow
Header bar has missing/incorrect shadow.
Failed asserting that two strings are equal.
--- Expected
+++ Actual
@@ @@
-'drop-shadow(rgba(0, 0, 0, 0.25) 0px 1px 8px)'
+'none'

/projects/challenge/tests/Browser/AppStylingTest.php:59
/projects/challenge/tests/Browser/AppStylingTest.php:251
/projects/challenge/vendor/laravel/dusk/src/Concerns/ProvidesBrowser.php:69
/projects/challenge/tests/Browser/AppStylingTest.php:253</failure>
        </testcase>
        <testcase name="testForgotPasswordColor" class="Tests\Browser\AppStylingTest" classname="Tests.Browser.AppStylingTest" file="/projects/challenge/tests/Browser/AppStylingTest.php" line="260" assertions="3" time="0.536012"/>
        <testcase name="testForgotPasswordUnderline" class="Tests\Browser\AppStylingTest" classname="Tests.Browser.AppStylingTest" file="/projects/challenge/tests/Browser/AppStylingTest.php" line="279" assertions="1" time="0.253279"/>
        <testcase name="testFooterLinksColor" class="Tests\Browser\AppStylingTest" classname="Tests.Browser.AppStylingTest" file="/projects/challenge/tests/Browser/AppStylingTest.php" line="297" assertions="21" time="2.679342"/>
        <testcase name="testFooterLinksUnderline" class="Tests\Browser\AppStylingTest" classname="Tests.Browser.AppStylingTest" file="/projects/challenge/tests/Browser/AppStylingTest.php" line="317" assertions="21" time="2.418017"/>
        <testcase name="testCheckboxStyling" class="Tests\Browser\AppStylingTest" classname="Tests.Browser.AppStylingTest" file="/projects/challenge/tests/Browser/AppStylingTest.php" line="337" assertions="2" time="1.081005">
          <failure type="PHPUnit\Framework\ExpectationFailedException">Tests\Browser\AppStylingTest::testCheckboxStyling
Newsletter checkbox doesn't have correct hover border-color
Failed asserting that two strings are equal.
--- Expected
+++ Actual
@@ @@
-'rgb(15, 131, 82)'
+'rgb(107, 114, 128)'

/projects/challenge/tests/Browser/AppStylingTest.php:59
/projects/challenge/tests/Browser/AppStylingTest.php:354
/projects/challenge/vendor/laravel/dusk/src/Concerns/ProvidesBrowser.php:69
/projects/challenge/tests/Browser/AppStylingTest.php:364</failure>
        </testcase>
        <testcase name="testRegisterSectionTitle" class="Tests\Browser\AppStylingTest" classname="Tests.Browser.AppStylingTest" file="/projects/challenge/tests/Browser/AppStylingTest.php" line="371" assertions="1" time="0.363131"/>
        <testcase name="testRegisterFormTitles" class="Tests\Browser\AppStylingTest" classname="Tests.Browser.AppStylingTest" file="/projects/challenge/tests/Browser/AppStylingTest.php" line="389" assertions="1" time="0.937632">
          <failure type="PHPUnit\Framework\ExpectationFailedException">Tests\Browser\AppStylingTest::testRegisterFormTitles
Couldn't find text "Personal Information"
Failed asserting that false is true.

/projects/challenge/tests/Browser/AppStylingTest.php:398
/projects/challenge/vendor/laravel/dusk/src/Concerns/ProvidesBrowser.php:69
/projects/challenge/tests/Browser/AppStylingTest.php:407</failure>
        </testcase>
        <testcase name="testFooterCopyright" class="Tests\Browser\AppStylingTest" classname="Tests.Browser.AppStylingTest" file="/projects/challenge/tests/Browser/AppStylingTest.php" line="414" assertions="1" time="0.326028"/>
      </testsuite>
    </testsuite>
  </testsuite>
</testsuites>
